[cell 01 stream stdout]
Drive already mounted at /content/drive; to attempt to forcibly remount, call drive.mount("/content/drive", force_remount=True).

[cell 10 stream stdout]

1 rate: 271.878173828125
1 image Distortion: 833.1443684895834

2 rate: 8.87841796875
2 image Distortion: 794.44775390625

3 rate: 6.029541015625
3 image Distortion: 737.1905924479166

4 rate: 5.674072265625
4 image Distortion: 691.91064453125

5 rate: 4.49658203125
5 image Distortion: 644.0861002604166

6 rate: 4.24951171875
6 image Distortion: 615.88427734375

7 rate: 3.955322265625
7 image Distortion: 563.9786783854166

8 rate: 4.00830078125
8 image Distortion: 581.6726888020834

9 rate: 6.419677734375
9 image Distortion: 742.6935221354166

10 rate: 5.275634765625
10 image Distortion: 649.41552734375

11 rate: 4.178955078125
11 image Distortion: 568.29443359375

12 rate: 4.44580078125
12 image Distortion: 572.5450846354166

13 rate: 3.49755859375
13 image Distortion: 496.4920247395833

14 rate: 3.7021484375
14 image Distortion: 522.3839518229166

15 rate: 3.6611328125
15 image Distortion: 507.99658203125

16 rate: 3.716064453125
16 image Distortion: 509.6853841145833

17 rate: 4.658935546875
17 image Distortion: 636.9269205729166

18 rate: 4.07861328125
18 image Distortion: 546.9353841145834

19 rate: 3.671630859375
19 image Distortion: 495.0388997395833

20 rate: 3.789306640625
20 image Distortion: 505.68017578125

21 rate: 3.237548828125
21 image Distortion: 405.29248046875

22 rate: 3.3466796875
22 image Distortion: 441.13818359375

23 rate: 3.46142578125
23 image Distortion: 443.6316731770833

24 rate: 3.444580078125
24 image Distortion: 439.3400065104167

25 rate: 4.355224609375
25 image Distortion: 589.2462565104166

26 rate: 4.245849609375
26 image Distortion: 544.9845377604166

27 rate: 3.76904296875
27 image Distortion: 505.72998046875

28 rate: 4.012939453125
28 image Distortion: 507.05224609375

29 rate: 3.296630859375
29 image Distortion: 430.5655924479167

30 rate: 3.47265625
30 image Distortion: 475.9073893229167

31 rate: 3.531005859375
31 image Distortion: 470.5050455729167

32 rate: 3.5361328125
32 image Distortion: 475.4119466145833

33 rate: 3.730224609375
33 image Distortion: 489.3995768229167

34 rate: 3.43212890625
34 image Distortion: 411.2459309895833

35 rate: 3.191650390625
35 image Distortion: 348.33056640625

36 rate: 3.244384765625
36 image Distortion: 359.6678059895833

37 rate: 3.079833984375
37 image Distortion: 294.6531575520833

38 rate: 3.118408203125
38 image Distortion: 317.4396158854167

39 rate: 3.116455078125
39 image Distortion: 323.1036783854167

40 rate: 3.139404296875
40 image Distortion: 324.9324544270833

41 rate: 3.576904296875
41 image Distortion: 455.9793294270833

42 rate: 3.521728515625
42 image Distortion: 420.87646484375

43 rate: 3.336181640625
43 image Distortion: 383.3771158854167

44 rate: 3.408203125
44 image Distortion: 395.73388671875

45 rate: 3.105224609375
45 image Distortion: 328.20751953125

46 rate: 3.1806640625
46 image Distortion: 352.8019205729167

47 rate: 3.232177734375
47 image Distortion: 363.4197591145833

48 rate: 3.2109375
48 image Distortion: 359.7257486979167

49 rate: 3.45849609375
49 image Distortion: 468.1163736979167

50 rate: 3.45556640625
50 image Distortion: 424.4041341145833

51 rate: 3.416015625
51 image Distortion: 427.08447265625

52 rate: 3.443115234375
52 image Distortion: 416.27783203125

53 rate: 3.1298828125
53 image Distortion: 357.4695638020833

54 rate: 3.197998046875
54 image Distortion: 388.75537109375

55 rate: 3.35302734375
55 image Distortion: 405.71435546875

56 rate: 3.296630859375
56 image Distortion: 403.7657877604167

57 rate: 3.479736328125
57 image Distortion: 458.4168294270833

58 rate: 3.493408203125
58 image Distortion: 425.89599609375

59 rate: 3.38671875
59 image Distortion: 413.97802734375

60 rate: 3.456787109375
60 image Distortion: 414.17333984375

61 rate: 3.1298828125
61 image Distortion: 346.3767903645833

62 rate: 3.19775390625
62 image Distortion: 377.6443684895833

63 rate: 3.29736328125
63 image Distortion: 378.49462890625

64 rate: 3.2470703125
64 image Distortion: 389.4178059895833

Total number of bits in unary encoded list: 2089120

[cell 12 stream stdout]
139 666.7803535461426 6.505405426025391
160 765.6459147135416 6.01904296875
192 910.3955078125 5.491062164306641
240 1125.236572265625 4.970531463623047
310 1429.5825805664062 4.506217956542969
450 2032.8804626464844 4.018638610839844

[cell 14 stream stdout]
[95. 35. 26. 27. 21. 20. 20. 20. 28. 26. 19. 21. 16. 18. 17. 19. 22. 21.
 17. 19. 15. 16. 16. 16. 21. 21. 19. 20. 15. 16. 17. 18. 18. 16. 14. 15.
 12. 14. 13. 14. 17. 17. 14. 15. 14. 14. 14. 14. 16. 16. 15. 16. 13. 14.
 16. 16. 17. 17. 16. 17. 14. 15. 15. 14.]
[99. 21. 17. 16. 14. 14. 14. 14. 18. 16. 14. 14. 14. 13. 13. 14. 15. 14.
 13. 13. 12. 12. 12. 12. 14. 15. 13. 14. 12. 13. 13. 12. 12. 12. 12. 12.
 12. 12. 12. 12. 12. 12. 12. 12. 12. 12. 12. 12. 12. 12. 12. 12. 12. 12.
 12. 12. 12. 12. 12. 12. 12. 12. 12. 12.]

[cell 15 stream stdout]
3.1 287.15304223378513 6.5186004638671875
3.5 360.3002519607544 6.029563903808594
4 457.5230712890625 5.559825897216797
5 669.8599217732748 4.927913665771484
6 917.1335144042969 4.513587951660156
7.7 1384.1360028330482 4.093723297119141
